// Jest Snapshot v1, https://goo.gl/fbAQLP

exports[`FactList renders a fact 1`] = `
Array [
  <div
    className="factButtons"
>
    <button
        onClick={[Function]}
    >
        Less
    </button>
    <button
        onClick={[Function]}
    >
        More
    </button>
</div>,
  <div
    className="facts"
>
    <div
        className="view view-transform"
    >
        <img
            alt="Did You Know?"
            src="..//assets/fact.jpg"
        />
        <div
            className="mask"
        >
            <h2>
                Hall of Fame Football player John Elway was born in Port Angeles
            </h2>
        </div>
    </div>
    <div
        className="view view-transform"
    >
        <img
            alt="Did You Know?"
            src="..//assets/fact.jpg"
        />
        <div
            className="mask"
        >
            <h2>
                Congregation Emanu-El is the oldest Jewish Synagogue in Canada
            </h2>
        </div>
    </div>
    <div
        className="view view-transform"
    >
        <img
            alt="Did You Know?"
            src="..//assets/fact.jpg"
        />
        <div
            className="mask"
        >
            <h2>
                The population of Port Angeles is about 19,500
            </h2>
        </div>
    </div>
</div>,
]
`;
