// Jest Snapshot v1, https://goo.gl/fbAQLP

exports[`renders correct url 1`] = `"https://api.flickr.com/services/rest/?method=flickr.photosets.getPhotos&api_key=0c3f8d32a28de8434240115b85a28499&photoset_id=135847282452394&user_id=8994820%40N07&extras=tags&per_page=25&format=json&nojsoncallback=1"`;
